// Jest Snapshot v1, https://goo.gl/fbAQLP

exports[`Button Snapshot 1`] = `
<button
  className="form_btn "
  onClick={[Function]}
  type="button"
>
  Submit
</button>
`;

exports[`Input Field Snapshot 1`] = `
<input
  className="form_field "
  id=""
  name=""
  onChange={[Function]}
  placeholder=""
  type=""
  value=""
/>
`;
