// Jest Snapshot v1, https://goo.gl/fbAQLP

exports[`Divider Snapshot 1`] = `
<div
  className="divider"
/>
`;
